// Jest Snapshot v1, https://goo.gl/fbAQLP

exports[`highlight should highlight the code 1`] = `
"<pre class=\\"language-js\\"><code>mdoc dev <span class=\\"token punctuation\\">.</span>
</code></pre>
"
`;
